###############################################################################
#
# IAR ELF Linker V8.20.2.14835/W32 for ARM                08/Feb/2020  14:00:26
# Copyright 2007-2017 IAR Systems AB.
#
#    Output file  =  
#        C:\Users\Студент-06\Documents\08022020\stm32Labs-master\Lab6Empty\Debug\Exe\Lab6emptyyyyyyyy.out
#    Map file     =  
#        C:\Users\Студент-06\Documents\08022020\stm32Labs-master\Lab6Empty\Debug\List\Lab6emptyyyyyyyy.map
#    Command line =  
#        -f C:\Users\-06~1\AppData\Local\Temp\EWDC80.tmp
#        (C:\Users\Студент-06\Documents\08022020\stm32Labs-master\Lab6Empty\Debug\Obj\main.o
#        -o
#        C:\Users\Студент-06\Documents\08022020\stm32Labs-master\Lab6Empty\Debug\Exe\Lab6emptyyyyyyyy.out
#        --map
#        C:\Users\Студент-06\Documents\08022020\stm32Labs-master\Lab6Empty\Debug\List\Lab6emptyyyyyyyy.map
#        --config "C:\Program Files (x86)\IAR Systems\Embedded Workbench
#        8.0_3\arm\config\linker\ST\stm32f411xE.icf" --semihosting --entry
#        __iar_program_start --vfe --text_out locale)
#
###############################################################################

*******************************************************************************
*** RUNTIME MODEL ATTRIBUTES
***

CppFlavor        = *
__CPP_Exceptions = Disabled
__CPP_Language   = C++14
__Heap_Handler   = Basic
__SystemLibrary  = DLib
__dlib_version   = 6


*******************************************************************************
*** HEAP SELECTION
***

The basic heap was selected because no calls to memory allocation
functions were found in the application outside of system library
functions, and there are calls to deallocation functions in the
application.


*******************************************************************************
*** PLACEMENT SUMMARY
***

"A0":  place at 0x08000000 { ro section .intvec };
"P1":  place in [from 0x08000000 to 0x0807ffff] { ro };
define block CSTACK with size = 8K, alignment = 8 { };
define block HEAP with size = 8K, alignment = 8 { };
"P2":  place in [from 0x20000000 to 0x2001ffff] {
          rw, block CSTACK, block HEAP };

No sections matched the following patterns:

  rw  in "P2"


  Section   Kind        Address    Size  Object
  -------   ----        -------    ----  ------
"A0":                              0x40
  .intvec   ro code  0x08000000    0x40  vector_table_M.o [6]
                   - 0x08000040    0x40

"P1":                             0x500
  .text     ro code  0x08000040   0x18c  main.o [1]
  .text     ro code  0x080001cc    0x18  main.o [1]
  .text     ro code  0x080001e4    0x10  main.o [1]
  .text     ro code  0x080001f4    0x18  main.o [1]
  .text     ro code  0x0800020c    0x1c  main.o [1]
  .text     ro code  0x08000228    0x18  main.o [1]
  .text     ro code  0x08000240    0x18  main.o [1]
  .text     ro code  0x08000258    0x18  main.o [1]
  .text     ro code  0x08000270    0x18  main.o [1]
  .text     ro code  0x08000288    0x18  main.o [1]
  .text     ro code  0x080002a0    0x18  main.o [1]
  .text     ro code  0x080002b8    0x18  main.o [1]
  .text     ro code  0x080002d0     0xc  main.o [1]
  .text     ro code  0x080002dc     0xc  main.o [1]
  .text     ro code  0x080002e8    0x16  main.o [1]
  .text     ro code  0x080002fe    0x16  main.o [1]
  .text     ro code  0x08000314    0x18  main.o [1]
  .text     ro code  0x0800032c    0x18  main.o [1]
  .text     ro code  0x08000344    0x18  main.o [1]
  .text     ro code  0x0800035c    0x18  main.o [1]
  .text     ro code  0x08000374    0x18  main.o [1]
  .text     ro code  0x0800038c    0x18  main.o [1]
  .text     ro code  0x080003a4    0x18  main.o [1]
  .text     ro code  0x080003bc    0x14  main.o [1]
  .text     ro code  0x080003d0    0x14  main.o [1]
  .text     ro code  0x080003e4    0x18  main.o [1]
  .text     ro code  0x080003fc    0x18  main.o [1]
  .text     ro code  0x08000414    0x10  main.o [1]
  .text     ro code  0x08000424     0xc  main.o [1]
  .text     ro code  0x08000430    0x14  main.o [1]
  .text     ro code  0x08000444    0x14  main.o [1]
  .text     ro code  0x08000458    0x14  main.o [1]
  .text     ro code  0x0800046c    0x18  main.o [1]
  .text     ro code  0x08000484    0x18  main.o [1]
  .text     ro code  0x0800049c    0x18  main.o [1]
  .text     ro code  0x080004b4    0x18  main.o [1]
  .text     ro code  0x080004cc    0x22  fpinit_M.o [5]
  .text     ro code  0x080004ee     0x2  vector_table_M.o [6]
  .text     ro code  0x080004f0    0x1e  cmain.o [6]
  .text     ro code  0x0800050e     0x4  exit.o [3]
  .rodata   const    0x08000512     0x1  unwind_debug.o [7]
  .text     ro code  0x08000514     0xa  cexit.o [6]
  .text     ro code  0x08000520    0x14  exit.o [7]
  .text     ro code  0x08000534     0xc  cstartup_M.o [6]
                   - 0x08000540   0x500

"P2":                            0x2000
  CSTACK             0x20000000  0x2000  <Block>
    CSTACK  uninit   0x20000000  0x2000  <Block tail>
                   - 0x20002000  0x2000



*******************************************************************************
*** MODULE SUMMARY
***

    Module            ro code  ro data  rw data
    ------            -------  -------  -------
C:\Users\Студент-06\Documents\08022020\stm32Labs-master\Lab6Empty\Debug\Obj: [1]
    main.o              1 164
    -------------------------------------------
    Total:              1 164

command line: [2]
    -------------------------------------------
    Total:

dl7M_tln.a: [3]
    exit.o                  4
    -------------------------------------------
    Total:                  4

dlpp7M_tl_nc.a: [4]
    -------------------------------------------
    Total:

m7M_tls.a: [5]
    fpinit_M.o             34
    -------------------------------------------
    Total:                 34

rt7M_tl.a: [6]
    cexit.o                10
    cmain.o                30
    cstartup_M.o           12
    vector_table_M.o       66
    -------------------------------------------
    Total:                118

shb_l.a: [7]
    exit.o                 20
    unwind_debug.o                   1
    -------------------------------------------
    Total:                 20        1

    Gaps                    3
    Linker created                        8 192
-----------------------------------------------
    Grand Total:        1 343        1    8 192


*******************************************************************************
*** ENTRY LIST
***

Entry                      Address  Size  Type      Object
-----                      -------  ----  ----      ------
?main                   0x080004f1        Code  Gb  cmain.o [6]
CSTACK$$Base            0x20000000         --   Gb  - Linker created -
CSTACK$$Limit           0x20002000         --   Gb  - Linker created -
Region$$Table$$Base     0x00000000         --   Gb  - Linker created -
Region$$Table$$Limit    0x00000000         --   Gb  - Linker created -
__cmain                 0x080004f1        Code  Gb  cmain.o [6]
__exit                  0x08000521  0x14  Code  Gb  exit.o [7]
__iar_debug_exceptions  0x08000512   0x1  Data  Gb  unwind_debug.o [7]
__iar_init_vfp          0x080004cd        Code  Gb  fpinit_M.o [5]
__iar_program_start     0x08000535        Code  Gb  cstartup_M.o [6]
__iar_systems$$module {Abs}
                        0x00000001        Data  Gb  command line/config [2]
__low_level_init        0x08000041  0x76  Code  Gb  main.o [1]
__vector_table          0x08000000        Data  Gb  vector_table_M.o [6]
_call_main              0x080004fd        Code  Gb  cmain.o [6]
_exit                   0x08000515        Code  Gb  cexit.o [6]
_main                   0x0800050b        Code  Gb  cmain.o [6]
bool FieldValueBase<ADC1_SR_EOC_Values<ADC1::SR, (unsigned int)1, (unsigned int)1, ReadWriteMode, ADC1::ADC1SRBase>, ADC1::ADC1SRBase, (unsigned int)1>::IsSet<ReadWriteMode, void>()
                        0x08000415  0x10  Code  Gb  main.o [1]
bool FieldValueBase<RCC_CFGR_SWS_Values<RCC::CFGR, (unsigned int)2, (unsigned int)2, ReadMode, RCC::RCCCFGRBase>, RCC::RCCCFGRBase, (unsigned int)1>::IsSet<ReadMode, void>()
                        0x0800020d  0x1c  Code  Gb  main.o [1]
bool FieldValueBase<RCC_CR_HSERDY_Values<RCC::CR, (unsigned int)17, (unsigned int)1, ReadMode, RCC::RCCCRBase>, RCC::RCCCRBase, (unsigned int)1>::IsSet<ReadMode, void>()
                        0x080001e5  0x10  Code  Gb  main.o [1]
exit                    0x0800050f   0x4  Code  Gb  exit.o [3]
main                    0x080000b9  0xe8  Code  Gb  main.o [1]
unsigned int RegisterBase<(unsigned int)1073815628, (unsigned int)32, ReadMode>::Get<ReadMode, void>()
                        0x08000425   0xc  Code  Gb  main.o [1]
void FieldValueBase<ADC1_CR1_RES_Values<ADC1::CR1, (unsigned int)24, (unsigned int)2, ReadWriteMode, ADC1::ADC1CR1Base>, ADC1::ADC1CR1Base, (unsigned int)1>::Set<ReadWriteMode, void>()
                        0x0800035d  0x18  Code  Gb  main.o [1]
void FieldValueBase<ADC1_CR2_ADON_Values<ADC1::CR2, (unsigned int)0, (unsigned int)1, ReadWriteMode, ADC1::ADC1CR2Base>, ADC1::ADC1CR2Base, (unsigned int)1>::Set<ReadWriteMode, void>()
                        0x080003e5  0x18  Code  Gb  main.o [1]
void FieldValueBase<ADC1_CR2_EOCS_Values<ADC1::CR2, (unsigned int)10, (unsigned int)1, ReadWriteMode, ADC1::ADC1CR2Base>, ADC1::ADC1CR2Base, (unsigned int)1>::Set<ReadWriteMode, void>()
                        0x08000375  0x18  Code  Gb  main.o [1]
void FieldValueBase<ADC1_CR2_SWSTART_Values<ADC1::CR2, (unsigned int)30, (unsigned int)1, ReadWriteMode, ADC1::ADC1CR2Base>, ADC1::ADC1CR2Base, (unsigned int)1>::Set<ReadWriteMode, void>()
                        0x080003fd  0x18  Code  Gb  main.o [1]
void FieldValueBase<ADC1_SMPR1_SMPx_x_Values<ADC1::SMPR1, (unsigned int)24, (unsigned int)3, ReadWriteMode, ADC1::ADC1SMPR1Base>, ADC1::ADC1SMPR1Base, (unsigned int)6>::Set<ReadWriteMode, void>()
                        0x080003a5  0x18  Code  Gb  main.o [1]
void FieldValueBase<ADC1_SMPR1_SMPx_x_Values<ADC1::SMPR2, (unsigned int)0, (unsigned int)3, ReadWriteMode, ADC1::ADC1SMPR1Base>, ADC1::ADC1SMPR1Base, (unsigned int)6>::Set<ReadWriteMode, void>()
                        0x0800038d  0x18  Code  Gb  main.o [1]
void FieldValueBase<ADC1_SQR1_L_Values<ADC1::SQR1, (unsigned int)20, (unsigned int)4, ReadWriteMode, ADC1::ADC1SQR1Base>, ADC1::ADC1SQR1Base, (unsigned int)0>::Set<ReadWriteMode, void>()
                        0x080003bd  0x14  Code  Gb  main.o [1]
void FieldValueBase<ADC1_SQR3_SQ1_Values<ADC1::SQR3, (unsigned int)0, (unsigned int)5, ReadWriteMode, ADC1::ADC1SQR3Base>, ADC1::ADC1SQR3Base, (unsigned int)0>::Set<ReadWriteMode, void>()
                        0x080003d1  0x14  Code  Gb  main.o [1]
void FieldValueBase<ADC_Common_CCR_TSVREFE_Values<ADC_Common::CCR, (unsigned int)23, (unsigned int)1, ReadWriteMode, ADC_Common::ADC_CommonCCRBase>, ADC_Common::ADC_CommonCCRBase, (unsigned int)1>::Set<ReadWriteMode, void>()
                        0x08000345  0x18  Code  Gb  main.o [1]
void FieldValueBase<GPIOA_MODER_MODER0_Values<GPIOA::MODER, (unsigned int)0, (unsigned int)2, ReadWriteMode, GPIOA::GPIOAMODERBase>, GPIOA::GPIOAMODERBase, (unsigned int)3>::Set<ReadWriteMode, void>()
                        0x08000259  0x18  Code  Gb  main.o [1]
void FieldValueBase<GPIOA_MODER_MODER15_Values<GPIOA::MODER, (unsigned int)10, (unsigned int)2, ReadWriteMode, GPIOA::GPIOAMODERBase>, GPIOA::GPIOAMODERBase, (unsigned int)1>::Set<ReadWriteMode, void>()
                        0x08000271  0x18  Code  Gb  main.o [1]
void FieldValueBase<GPIOA_ODR_ODR5_Values<GPIOA::ODR, (unsigned int)5, (unsigned int)1, ReadWriteMode, GPIOA::GPIOAODRBase>, GPIOA::GPIOAODRBase, (unsigned int)1>::Set<ReadWriteMode, void>()
                        0x0800046d  0x18  Code  Gb  main.o [1]
void FieldValueBase<GPIOC_MODER_MODER15_Values<GPIOC::MODER, (unsigned int)10, (unsigned int)2, ReadWriteMode, GPIOC::GPIOCMODERBase>, GPIOC::GPIOCMODERBase, (unsigned int)1>::Set<ReadWriteMode, void>()
                        0x08000289  0x18  Code  Gb  main.o [1]
void FieldValueBase<GPIOC_MODER_MODER15_Values<GPIOC::MODER, (unsigned int)16, (unsigned int)2, ReadWriteMode, GPIOC::GPIOCMODERBase>, GPIOC::GPIOCMODERBase, (unsigned int)1>::Set<ReadWriteMode, void>()
                        0x080002a1  0x18  Code  Gb  main.o [1]
void FieldValueBase<GPIOC_MODER_MODER15_Values<GPIOC::MODER, (unsigned int)18, (unsigned int)2, ReadWriteMode, GPIOC::GPIOCMODERBase>, GPIOC::GPIOCMODERBase, (unsigned int)1>::Set<ReadWriteMode, void>()
                        0x080002b9  0x18  Code  Gb  main.o [1]
void FieldValueBase<GPIOC_ODR_ODR5_Values<GPIOC::ODR, (unsigned int)5, (unsigned int)1, ReadWriteMode, GPIOC::GPIOCODRBase>, GPIOC::GPIOCODRBase, (unsigned int)0>::Set<ReadWriteMode, void>()
                        0x08000431  0x14  Code  Gb  main.o [1]
void FieldValueBase<GPIOC_ODR_ODR5_Values<GPIOC::ODR, (unsigned int)5, (unsigned int)1, ReadWriteMode, GPIOC::GPIOCODRBase>, GPIOC::GPIOCODRBase, (unsigned int)1>::Set<ReadWriteMode, void>()
                        0x080004b5  0x18  Code  Gb  main.o [1]
void FieldValueBase<GPIOC_ODR_ODR8_Values<GPIOC::ODR, (unsigned int)8, (unsigned int)1, ReadWriteMode, GPIOC::GPIOCODRBase>, GPIOC::GPIOCODRBase, (unsigned int)0>::Set<ReadWriteMode, void>()
                        0x08000459  0x14  Code  Gb  main.o [1]
void FieldValueBase<GPIOC_ODR_ODR8_Values<GPIOC::ODR, (unsigned int)8, (unsigned int)1, ReadWriteMode, GPIOC::GPIOCODRBase>, GPIOC::GPIOCODRBase, (unsigned int)1>::Set<ReadWriteMode, void>()
                        0x0800049d  0x18  Code  Gb  main.o [1]
void FieldValueBase<GPIOC_ODR_ODR9_Values<GPIOC::ODR, (unsigned int)9, (unsigned int)1, ReadWriteMode, GPIOC::GPIOCODRBase>, GPIOC::GPIOCODRBase, (unsigned int)0>::Set<ReadWriteMode, void>()
                        0x08000445  0x14  Code  Gb  main.o [1]
void FieldValueBase<GPIOC_ODR_ODR9_Values<GPIOC::ODR, (unsigned int)9, (unsigned int)1, ReadWriteMode, GPIOC::GPIOCODRBase>, GPIOC::GPIOCODRBase, (unsigned int)1>::Set<ReadWriteMode, void>()
                        0x08000485  0x18  Code  Gb  main.o [1]
void FieldValueBase<RCC_AHB1ENR_DMA2EN_Values<RCC::AHB1ENR, (unsigned int)2, (unsigned int)1, ReadWriteMode, RCC::RCCAHB1ENRBase>, RCC::RCCAHB1ENRBase, (unsigned int)1>::Set<ReadWriteMode, void>()
                        0x08000241  0x18  Code  Gb  main.o [1]
void FieldValueBase<RCC_AHB1ENR_DMA2EN_Values<RCC::APB2ENR, (unsigned int)8, (unsigned int)1, ReadWriteMode, RCC::RCCAPB2ENRBase>, RCC::RCCAPB2ENRBase, (unsigned int)1>::Set<ReadWriteMode, void>()
                        0x0800032d  0x18  Code  Gb  main.o [1]
void FieldValueBase<RCC_AHB1ENR_GPIOAEN_Values<RCC::AHB1ENR, (unsigned int)0, (unsigned int)1, ReadWriteMode, RCC::RCCAHB1ENRBase>, RCC::RCCAHB1ENRBase, (unsigned int)1>::Set<ReadWriteMode, void>()
                        0x08000229  0x18  Code  Gb  main.o [1]
void FieldValueBase<RCC_CFGR_SW_Values<RCC::CFGR, (unsigned int)0, (unsigned int)2, ReadWriteMode, RCC::RCCCFGRBase>, RCC::RCCCFGRBase, (unsigned int)1>::Set<ReadWriteMode, void>()
                        0x080001f5  0x18  Code  Gb  main.o [1]
void FieldValueBase<RCC_CR_HSEON_Values<RCC::CR, (unsigned int)16, (unsigned int)1, ReadWriteMode, RCC::RCCCRBase>, RCC::RCCCRBase, (unsigned int)1>::Set<ReadWriteMode, void>()
                        0x080001cd  0x18  Code  Gb  main.o [1]
void FieldValueBase<TIM2_CR1_CEN_Values<TIM2::CR1, (unsigned int)0, (unsigned int)1, ReadWriteMode, TIM2::TIM2CR1Base>, TIM2::TIM2CR1Base, (unsigned int)1>::Set<ReadWriteMode, void>()
                        0x080002ff  0x16  Code  Gb  main.o [1]
void FieldValueBase<TIM2_CR1_URS_Values<TIM2::CR1, (unsigned int)2, (unsigned int)1, ReadWriteMode, TIM2::TIM2CR1Base>, TIM2::TIM2CR1Base, (unsigned int)1>::Set<ReadWriteMode, void>()
                        0x080002e9  0x16  Code  Gb  main.o [1]
void FieldValueBase<TIM2_DIER_UIE_Values<TIM2::DIER, (unsigned int)0, (unsigned int)1, ReadWriteMode, TIM2::TIM2DIERBase>, TIM2::TIM2DIERBase, (unsigned int)1>::Set<ReadWriteMode, void>()
                        0x08000315  0x18  Code  Gb  main.o [1]
void RegisterBase<(unsigned int)1073741864, (unsigned int)32, ReadWriteMode>::Write<ReadWriteMode, void>(unsigned int)
                        0x080002d1   0xc  Code  Gb  main.o [1]
void RegisterBase<(unsigned int)1073741868, (unsigned int)32, ReadWriteMode>::Write<ReadWriteMode, void>(unsigned int)
                        0x080002dd   0xc  Code  Gb  main.o [1]


[1] = C:\Users\Студент-06\Documents\08022020\stm32Labs-master\Lab6Empty\Debug\Obj
[2] = command line
[3] = dl7M_tln.a
[4] = dlpp7M_tl_nc.a
[5] = m7M_tls.a
[6] = rt7M_tl.a
[7] = shb_l.a

  1 343 bytes of readonly  code memory
      1 byte  of readonly  data memory
  8 192 bytes of readwrite data memory

Errors: none
Warnings: none
